// Jest Snapshot v1, https://goo.gl/fbAQLP

exports[`Test en <Slider /> componente <Slider /> debe renderizarse correctamente sin parametros 1`] = `
<styled.input
  bgThumb="text"
  full={true}
  max={100}
  min={0}
  orientation="horizontal"
  step={1}
  value={50}
/>
`;
