// Jest Snapshot v1, https://goo.gl/fbAQLP

exports[`Pruebas en el componente <Background/> debe renderizarse el componente correctamente 1`] = `
.c0 {
  width: 100vw;
  position: fixed;
  top: 0;
  bottom: 0;
  left: 0;
  right: 0;
  display: -webkit-box;
  display: -webkit-flex;
  display: -ms-flexbox;
  display: flex;
  -webkit-animation: gSSTpm 0.6s ease-in-out forwards;
  animation: gSSTpm 0.6s ease-in-out forwards;
  -webkit-box-pack: center;
  -webkit-justify-content: center;
  -ms-flex-pack: center;
  justify-content: center;
  -webkit-align-items: center;
  -webkit-box-align: center;
  -ms-flex-align: center;
  align-items: center;
  overflow-y: auto;
  z-index: 999;
}

<div
  className="c0"
/>
`;
