// Jest Snapshot v1, https://goo.gl/fbAQLP

exports[`Pruebas en el componente <ModalBody/> debe renderizarse el componente correctamente 1`] = `
.c0 {
  padding: 2rem;
}

<p
  className="c0"
/>
`;
